[html.tavonline.co/hagen/classic-version/index.html]
[backblue.gif]
[fade.gif]
[index.html]
[html.tavonline.co/hagen/classic-version/css/main.css]
[html.tavonline.co/hagen/classic-version/icon-fonts/flat-icon/flaticon.css]
[html.tavonline.co/hagen/classic-version/icon-fonts/font-awesome/css/all.min.css]
[html.tavonline.co/hagen/classic-version/images/profile-loader.jpg]
[html.tavonline.co/hagen/classic-version/resume.html]
[html.tavonline.co/hagen/classic-version/portfolio.html]
[html.tavonline.co/hagen/classic-version/blog.html]
[html.tavonline.co/hagen/classic-version/contact.html]
[html.tavonline.co/hagen/classic-version/images/profile.jpg]
[html.tavonline.co/hagen/classic-version/images/comment-4.jpg]
[html.tavonline.co/hagen/classic-version/images/comment-3.jpg]
[html.tavonline.co/hagen/classic-version/images/comment-5.jpg]
[html.tavonline.co/hagen/classic-version/images/comment-1.jpg]
[html.tavonline.co/hagen/classic-version/images/clients/client-1d.png]
[html.tavonline.co/hagen/classic-version/images/clients/client-2d.png]
[html.tavonline.co/hagen/classic-version/images/clients/client-3d.png]
[html.tavonline.co/hagen/classic-version/images/clients/client-4d.png]
[html.tavonline.co/hagen/classic-version/images/clients/client-5d.png]
[html.tavonline.co/hagen/classic-version/images/clients/client-6d.png]
[html.tavonline.co/hagen/classic-version/images/clients/client-7d.png]
[html.tavonline.co/hagen/classic-version/images/bg.jpg]
[html.tavonline.co/hagen/classic-version/js/jquery.js]
[html.tavonline.co/hagen/classic-version/js/map.js]
[html.tavonline.co/hagen/classic-version/js/plugins.js]
[html.tavonline.co/hagen/classic-version/index.html]
[html.tavonline.co/hagen/classic-version/favicon.html]
[html.tavonline.co/hagen/classic-version/js/main.js]
[html.tavonline.co/hagen/classic-version/css/assets.css]
[html.tavonline.co/hagen/classic-version/css/color.css]
[html.tavonline.co/hagen/classic-version/css/main.css]
[html.tavonline.co/hagen/classic-version/css/normalize.css]
[html.tavonline.co/hagen/classic-version/icon-fonts/flat-icon/flaticon3c15.ttf]
[html.tavonline.co/hagen/classic-version/icon-fonts/flat-icon/flaticon3c15.woff]
[html.tavonline.co/hagen/classic-version/icon-fonts/flat-icon/flaticon3c15.woff2]
[html.tavonline.co/hagen/classic-version/icon-fonts/flat-icon/flaticon3c15.eot]
[html.tavonline.co/hagen/classic-version/icon-fonts/flat-icon/flaticon.css]
[html.tavonline.co/hagen/classic-version/icon-fonts/flat-icon/flaticon3c15.svg]
[html.tavonline.co/hagen/classic-version/icon-fonts/font-awesome/webfonts/fa-brands-400.woff2]
[html.tavonline.co/hagen/classic-version/icon-fonts/font-awesome/webfonts/fa-brands-400.ttf]
[html.tavonline.co/hagen/classic-version/icon-fonts/font-awesome/webfonts/fa-regular-400.woff2]
[html.tavonline.co/hagen/classic-version/icon-fonts/font-awesome/webfonts/fa-regular-400.ttf]
[html.tavonline.co/hagen/classic-version/icon-fonts/font-awesome/webfonts/fa-solid-900.woff2]
[html.tavonline.co/hagen/classic-version/icon-fonts/font-awesome/webfonts/fa-solid-900.ttf]
[html.tavonline.co/hagen/classic-version/icon-fonts/font-awesome/webfonts/fa-v4compatibility.woff2]
[html.tavonline.co/hagen/classic-version/icon-fonts/font-awesome/webfonts/fa-v4compatibility.ttf]
[html.tavonline.co/hagen/classic-version/icon-fonts/font-awesome/css/all.min.css]
[html.tavonline.co/hagen/classic-version/resume.html]
[html.tavonline.co/hagen/classic-version/work-1.html]
[html.tavonline.co/hagen/classic-version/images/works/work-1/01.jpg]
[html.tavonline.co/hagen/classic-version/work-2.html]
[html.tavonline.co/hagen/classic-version/images/works/work-2/01-grid.jpg]
[html.tavonline.co/hagen/classic-version/work-8.html]
[html.tavonline.co/hagen/classic-version/images/works/work-8/video.mp4]
[html.tavonline.co/hagen/classic-version/images/works/work-8/03.jpg]
[html.tavonline.co/hagen/classic-version/work-3.html]
[html.tavonline.co/hagen/classic-version/images/works/work-3/01.jpg]
[html.tavonline.co/hagen/classic-version/work-4.html]
[html.tavonline.co/hagen/classic-version/images/works/work-4/01.jpg]
[html.tavonline.co/hagen/classic-version/work-5.html]
[html.tavonline.co/hagen/classic-version/images/works/work-5/01.jpg]
[html.tavonline.co/hagen/classic-version/work-6.html]
[html.tavonline.co/hagen/classic-version/images/works/work-6/01.jpg]
[html.tavonline.co/hagen/classic-version/work-7.html]
[html.tavonline.co/hagen/classic-version/images/works/work-7/01.jpg]
[html.tavonline.co/hagen/classic-version/work-9.html]
[html.tavonline.co/hagen/classic-version/images/works/work-9/01.jpg]
[html.tavonline.co/hagen/classic-version/portfolio.html]
[html.tavonline.co/hagen/classic-version/single-blog.html]
[html.tavonline.co/hagen/classic-version/images/blog-2.jpg]
[html.tavonline.co/hagen/classic-version/images/blog-1.jpg]
[html.tavonline.co/hagen/classic-version/images/blog-3.jpg]
[html.tavonline.co/hagen/classic-version/images/blog-4.jpg]
[html.tavonline.co/hagen/classic-version/images/blog-5.jpg]
[html.tavonline.co/hagen/classic-version/images/blog-6.jpg]
[html.tavonline.co/hagen/classic-version/blog.html]
[html.tavonline.co/hagen/classic-version/contact.html]
[html.tavonline.co/hagen/classic-version/css/assets.css]
[html.tavonline.co/hagen/classic-version/css/color.css]
[html.tavonline.co/hagen/classic-version/css/normalize.css]
[html.tavonline.co/hagen/classic-version/icon-fonts/flat-icon/flaticon3c15.svg]
[html.tavonline.co/hagen/classic-version/images/works/work-1/02.jpg]
[html.tavonline.co/hagen/classic-version/images/works/work-1/03.jpg]
[html.tavonline.co/hagen/classic-version/work-1.html]
[html.tavonline.co/hagen/classic-version/images/works/work-2/01.jpg]
[html.tavonline.co/hagen/classic-version/images/works/work-2/02.jpg]
[html.tavonline.co/hagen/classic-version/images/works/work-2/03.jpg]
[html.tavonline.co/hagen/classic-version/images/works/work-2/04.jpg]
[html.tavonline.co/hagen/classic-version/images/works/work-2/05.gif]
[html.tavonline.co/hagen/classic-version/work-2.html]
[html.tavonline.co/hagen/classic-version/images/works/work-8/01.jpg]
[html.tavonline.co/hagen/classic-version/work-8.html]
[html.tavonline.co/hagen/classic-version/images/works/work-3/02.jpg]
[html.tavonline.co/hagen/classic-version/images/works/work-3/03.jpg]
[html.tavonline.co/hagen/classic-version/work-3.html]
[html.tavonline.co/hagen/classic-version/images/works/work-4/02.jpg]
[html.tavonline.co/hagen/classic-version/images/works/work-4/03.jpg]
[html.tavonline.co/hagen/classic-version/images/works/work-4/04.jpg]
[html.tavonline.co/hagen/classic-version/images/works/work-4/05.jpg]
[html.tavonline.co/hagen/classic-version/work-4.html]
[html.tavonline.co/hagen/classic-version/images/works/work-5/03.jpg]
[html.tavonline.co/hagen/classic-version/images/works/work-5/02.jpg]
[html.tavonline.co/hagen/classic-version/work-5.html]
[html.tavonline.co/hagen/classic-version/images/works/work-6/02.jpg]
[html.tavonline.co/hagen/classic-version/images/works/work-6/03.jpg]
[html.tavonline.co/hagen/classic-version/work-6.html]
[html.tavonline.co/hagen/classic-version/images/works/work-7/02.jpg]
[html.tavonline.co/hagen/classic-version/images/works/work-7/03.jpg]
[html.tavonline.co/hagen/classic-version/images/works/work-7/05.jpg]
[html.tavonline.co/hagen/classic-version/images/works/work-7/06.jpg]
[html.tavonline.co/hagen/classic-version/work-7.html]
[html.tavonline.co/hagen/classic-version/images/works/work-9/02.jpg]
[html.tavonline.co/hagen/classic-version/images/works/work-9/03.jpg]
[html.tavonline.co/hagen/classic-version/work-9.html]
[html.tavonline.co/hagen/classic-version/single-blog.html]
[html.tavonline.co/hagen/classic-version/css/images/controls.html]
[html.tavonline.co/hagen/classic-version/www.tavonline.net/emana.html]
[html.tavonline.co/hagen/classic-version/images/works/work-2/06.html]
[html.tavonline.co/hagen/classic-version/images/works/work-8/02.jpg]
